Copyright 1986-2018 Xilinx, Inc. All Rights Reserved.
------------------------------------------------------------------------------------
| Tool Version : Vivado v.2018.2 (win64) Build 2258646 Thu Jun 14 20:03:12 MDT 2018
| Date         : Tue Jul 29 00:27:36 2025
| Host         : LAPTOP-SVQPQC0A running 64-bit major release  (build 9200)
| Command      : report_control_sets -verbose -file circuit_control_sets_placed.rpt
| Design       : circuit
| Device       : xc7a200t
------------------------------------------------------------------------------------

Control Set Information

Table of Contents
-----------------
1. Summary
2. Histogram
3. Flip-Flop Distribution
4. Detailed Control Set Information

1. Summary
----------

+----------------------------------------------------------+-------+
|                          Status                          | Count |
+----------------------------------------------------------+-------+
| Number of unique control sets                            |     7 |
| Unused register locations in slices containing registers |    18 |
+----------------------------------------------------------+-------+


2. Histogram
------------

+--------+--------------+
| Fanout | Control Sets |
+--------+--------------+
|      4 |            2 |
|    16+ |            5 |
+--------+--------------+


3. Flip-Flop Distribution
-------------------------

+--------------+-----------------------+------------------------+-----------------+--------------+
| Clock Enable | Synchronous Set/Reset | Asynchronous Set/Reset | Total Registers | Total Slices |
+--------------+-----------------------+------------------------+-----------------+--------------+
| No           | No                    | No                     |               4 |            2 |
| No           | No                    | Yes                    |               0 |            0 |
| No           | Yes                   | No                     |               0 |            0 |
| Yes          | No                    | No                     |               0 |            0 |
| Yes          | No                    | Yes                    |               0 |            0 |
| Yes          | Yes                   | No                     |             282 |           48 |
+--------------+-----------------------+------------------------+-----------------+--------------+


4. Detailed Control Set Information
-----------------------------------

+----------------+----------------+-------------------+------------------+----------------+
|  Clock Signal  |  Enable Signal |  Set/Reset Signal | Slice Load Count | Bel Load Count |
+----------------+----------------+-------------------+------------------+----------------+
|  clk_IBUF_BUFG |                |                   |                2 |              4 |
|  clk_IBUF_BUFG | CECARRYIN_IBUF | CYO/in_reg        |                1 |              4 |
|  clk_IBUF_BUFG | CEOPMODE_IBUF  | OPMODE_REG/in_reg |                5 |             16 |
|  clk_IBUF_BUFG | CEB_IBUF       | B1_REG/SR[0]      |                6 |             34 |
|  clk_IBUF_BUFG | CED_IBUF       | D_REG/in_reg      |                5 |             36 |
|  clk_IBUF_BUFG | CEC_IBUF       | C_REG/in_reg      |               19 |             96 |
|  clk_IBUF_BUFG | CEP_IBUF       | P_REG/in_reg      |               12 |             96 |
+----------------+----------------+-------------------+------------------+----------------+


